# BaseGeometry test

# Import the BaseGeometry class directly
>>> from ..base_geometry import BaseGeometry
>>> bg = BaseGeometry()

# Test 1
>>> bg.integer_validator("my_int", 42)
>>> bg.integer_validator("width", 54)

# Test 2
>>> try:
...     bg.integer_validator("name", "Kong")
... except Exception as e:
...     print("[{}] {}".format(e.__class__.__name__, e))
[TypeError] name must be an integer

# Test 3
>>> try:
...     bg.integer_validator("length", 16)
... except Exception as e:
...     print("[{}] {}".format(e.__class__.__name__, e))
[ValueError] length must be greater than 0
